gh run view 34592135038 --repo next-mmo/nd-workflow


X main CI · 34592135038
Triggered via push about 2 days ago

JOBS
X validate-and-test (macos-latest, 3.10, 20) in 38s (ID 103239618761)
  ✓ Set up job
  ✓ Checkout repository
  ✓ Set up Python
  ✓ Set up Node.js
  ✓ Validate workflow starter
  X Run Python regression tests
  - Test starter packaging
  - Check and test Todo example app
  - Check and test CMS Portfolio example app
  - Test hardened Python example apps
  - Test hardened Node example app
  - Post Set up Node.js
  - Post Set up Python
  ✓ Post Checkout repository
  ✓ Complete job
✓ validate-and-test (windows-latest, 3.11, 20) in 1m6s (ID 103239618944)
X validate-and-test (macos-latest, 3.11, 20) in 36s (ID 103239618967)
  ✓ Set up job
  ✓ Checkout repository
  ✓ Set up Python
  ✓ Set up Node.js
  ✓ Validate workflow starter
  X Run Python regression tests
  - Test starter packaging
  - Check and test Todo example app
  - Check and test CMS Portfolio example app
  - Test hardened Python example apps
  - Test hardened Node example app
  - Post Set up Node.js
  - Post Set up Python
  ✓ Post Checkout repository
  ✓ Complete job
✓ validate-and-test (ubuntu-latest, 3.10, 20) in 26s (ID 103239618973)
✓ validate-and-test (ubuntu-latest, 3.11, 20) in 24s (ID 103239618986)
✓ validate-and-test (windows-latest, 3.10, 20) in 1m23s (ID 103239619030)

ANNOTATIONS
! Node.js 20 is deprecated. The following actions target Node.js 20 but are being forced to run on Node.js 24: actions/checkout@v4, actions/setup-node@v4, actions/setup-python@v5. For more information see: https://github.blog/changelog/2025-09-19-deprecation-of-node-20-on-github-actions-runners/
validate-and-test (macos-latest, 3.10, 20): .github#2

X Process completed with exit code 1.
validate-and-test (macos-latest, 3.10, 20): .github#315

X Path contains link/reparse point
validate-and-test (macos-latest, 3.10, 20): scripts/stage_project.py#20

X Path contains link/reparse point
validate-and-test (macos-latest, 3.10, 20): scripts/stage_project.py#20

X Path contains link/reparse point
validate-and-test (macos-latest, 3.10, 20): scripts/stage_project.py#20

X Path contains link/reparse point
validate-and-test (macos-latest, 3.10, 20): scripts/stage_project.py#20

X Path contains link/reparse point
validate-and-test (macos-latest, 3.10, 20): scripts/stage_project.py#20

X Path contains link/reparse point
validate-and-test (macos-latest, 3.10, 20): scripts/stage_project.py#20

! Node.js 20 is deprecated. The following actions target Node.js 20 but are being forced to run on Node.js 24: actions/checkout@v4, actions/setup-node@v4, actions/setup-python@v5. For more information see: https://github.blog/changelog/2025-09-19-deprecation-of-node-20-on-github-actions-runners/
validate-and-test (windows-latest, 3.11, 20): .github#2

! Node.js 20 is deprecated. The following actions target Node.js 20 but are being forced to run on Node.js 24: actions/checkout@v4, actions/setup-node@v4, actions/setup-python@v5. For more information see: https://github.blog/changelog/2025-09-19-deprecation-of-node-20-on-github-actions-runners/
validate-and-test (macos-latest, 3.11, 20): .github#2

X Process completed with exit code 1.
validate-and-test (macos-latest, 3.11, 20): .github#326

X Path contains link/reparse point
validate-and-test (macos-latest, 3.11, 20): scripts/stage_project.py#20

X Path contains link/reparse point
validate-and-test (macos-latest, 3.11, 20): scripts/stage_project.py#20

X Path contains link/reparse point
validate-and-test (macos-latest, 3.11, 20): scripts/stage_project.py#20

X Path contains link/reparse point
validate-and-test (macos-latest, 3.11, 20): scripts/stage_project.py#20

X Path contains link/reparse point
validate-and-test (macos-latest, 3.11, 20): scripts/stage_project.py#20

X Path contains link/reparse point
validate-and-test (macos-latest, 3.11, 20): scripts/stage_project.py#20

! Node.js 20 is deprecated. The following actions target Node.js 20 but are being forced to run on Node.js 24: actions/checkout@v4, actions/setup-node@v4, actions/setup-python@v5. For more information see: https://github.blog/changelog/2025-09-19-deprecation-of-node-20-on-github-actions-runners/
validate-and-test (ubuntu-latest, 3.10, 20): .github#2

! Node.js 20 is deprecated. The following actions target Node.js 20 but are being forced to run on Node.js 24: actions/checkout@v4, actions/setup-node@v4, actions/setup-python@v5. For more information see: https://github.blog/changelog/2025-09-19-deprecation-of-node-20-on-github-actions-runners/
validate-and-test (ubuntu-latest, 3.11, 20): .github#2

! Node.js 20 is deprecated. The following actions target Node.js 20 but are being forced to run on Node.js 24: actions/checkout@v4, actions/setup-node@v4, actions/setup-python@v5. For more information see: https://github.blog/changelog/2025-09-19-deprecation-of-node-20-on-github-actions-runners/
validate-and-test (windows-latest, 3.10, 20): .github#2


To see what failed, try: gh run view 34592135038 --log-failed
View this run on GitHub: https://github.com/next-mmo/nd-workflow/actions/runs/34592135038
